#-----------------------------------------------------------
# Vivado v2024.1 (64-bit)
# SW Build 5076996 on Wed May 22 18:36:09 MDT 2024
# IP Build 5075265 on Wed May 22 21:45:21 MDT 2024
# SharedData Build 5076995 on Wed May 22 18:29:18 MDT 2024
# Start of session at: Wed Mar  4 19:57:22 2026
# Process ID: 280
# Current directory: /workspace/matmul_10x10/matmul_10x10/matmul_10x10.runs/impl_1
# Command line: vivado -log top.vdi -applog -product Vivado -messageDb vivado.pb -mode batch -source top.tcl -notrace
# Log file: /workspace/matmul_10x10/matmul_10x10/matmul_10x10.runs/impl_1/top.vdi
# Journal file: /workspace/matmul_10x10/matmul_10x10/matmul_10x10.runs/impl_1/vivado.jou
# Running On        :1ba1ac7db93f
# Platform          :unknown
# Operating System  :unknown
# Processor Detail  :VirtualApple @ 2.50GHz
# CPU Frequency     :2502.057 MHz
# CPU Physical cores:16
# CPU Logical cores :16
# Host memory       :8216 MB
# Swap memory       :1073 MB
# Total Virtual     :9290 MB
# Available Virtual :5219 MB
#-----------------------------------------------------------
source top.tcl -notrace
