Copyright 1986-2022 Xilinx, Inc. All Rights Reserved. Copyright 2022-2024 Advanced Micro Devices, Inc. All Rights Reserved.
---------------------------------------------------------------------------------------------------------------------------------------------
| Tool Version : Vivado v.2024.1 (lin64) Build 5076996 Wed May 22 18:36:09 MDT 2024
| Date         : Sat Mar 14 21:42:28 2026
| Host         : 1bdffad46cc6 running 64-bit unknown
| Command      : report_control_sets -verbose -file top_level_control_sets_placed.rpt
| Design       : top_level
| Device       : xc7a35t
---------------------------------------------------------------------------------------------------------------------------------------------

Control Set Information

Table of Contents
-----------------
1. Summary
2. Histogram
3. Flip-Flop Distribution
4. Detailed Control Set Information

1. Summary
----------

+----------------------------------------------------------+-------+
|                          Status                          | Count |
+----------------------------------------------------------+-------+
| Total control sets                                       |    21 |
|    Minimum number of control sets                        |    21 |
|    Addition due to synthesis replication                 |     0 |
|    Addition due to physical synthesis replication        |     0 |
| Unused register locations in slices containing registers |    94 |
+----------------------------------------------------------+-------+
* Control sets can be merged at opt_design using control_set_merge or merge_equivalent_drivers
** Run report_qor_suggestions for automated merging and remapping suggestions


2. Histogram
------------

+--------------------+-------+
|       Fanout       | Count |
+--------------------+-------+
| Total control sets |    21 |
| >= 0 to < 4        |     5 |
| >= 4 to < 6        |     1 |
| >= 6 to < 8        |     2 |
| >= 8 to < 10       |     4 |
| >= 10 to < 12      |     3 |
| >= 12 to < 14      |     1 |
| >= 14 to < 16      |     0 |
| >= 16              |     5 |
+--------------------+-------+
* Control sets can be remapped at either synth_design or opt_design


3. Flip-Flop Distribution
-------------------------

+--------------+-----------------------+------------------------+-----------------+--------------+
| Clock Enable | Synchronous Set/Reset | Asynchronous Set/Reset | Total Registers | Total Slices |
+--------------+-----------------------+------------------------+-----------------+--------------+
| No           | No                    | No                     |              10 |            9 |
| No           | No                    | Yes                    |               0 |            0 |
| No           | Yes                   | No                     |              69 |           19 |
| Yes          | No                    | No                     |              51 |           27 |
| Yes          | No                    | Yes                    |               0 |            0 |
| Yes          | Yes                   | No                     |             128 |           33 |
+--------------+-----------------------+------------------------+-----------------+--------------+


4. Detailed Control Set Information
-----------------------------------

+------------------------+-------------------------------------------------+------------------------------------------------------------+------------------+----------------+--------------+
|      Clock Signal      |                  Enable Signal                  |                      Set/Reset Signal                      | Slice Load Count | Bel Load Count | Bels / Slice |
+------------------------+-------------------------------------------------+------------------------------------------------------------+------------------+----------------+--------------+
|  clk_inst/CLK_50       | Inst_ov7670_controller/Inst_i2c_sender/p_0_out  | Inst_ov7670_controller/Inst_i2c_sender/ov7670_siod_TRI     |                1 |              1 |         1.00 |
|  ov7670_pclk_IBUF_BUFG |                                                 | ov7670_vsync_IBUF                                          |                1 |              1 |         1.00 |
|  ov7670_pclk_IBUF_BUFG |                                                 |                                                            |                1 |              2 |         2.00 |
|  clk_inst/CLK_25       | Inst_VGA/p_0_in                                 | Inst_VGA/vcount[9]_i_1_n_0                                 |                1 |              3 |         3.00 |
|  clk_inst/CLK_50       |                                                 |                                                            |                3 |              3 |         1.00 |
|  clk_inst/CLK_25       |                                                 |                                                            |                5 |              5 |         1.00 |
|  clk_inst/CLK_25       | Inst_VGA/p_0_in                                 |                                                            |                2 |              6 |         3.00 |
|  ov7670_pclk_IBUF_BUFG | Inst_ov7670_capture/d_hi[7]_i_1_n_0             |                                                            |                7 |              7 |         1.00 |
|  clk_inst/CLK_50       | Inst_ov7670_controller/Inst_i2c_sender/SR[0]    |                                                            |                2 |              8 |         4.00 |
|  clk_inst/CLK_50       | Inst_ov7670_controller/Inst_i2c_sender/p_0_in   | Inst_ov7670_controller/Inst_i2c_sender/SR[0]               |                3 |              8 |         2.67 |
|  clk_inst/CLK_25       | Inst_VGA/hcount_reg[7]_0[0]                     | Inst_VGA/vcount_reg[1]_0                                   |                4 |              9 |         2.25 |
|  ov7670_pclk_IBUF_BUFG | Inst_ov7670_capture/y_pix[8]_i_1__0_n_0         | ov7670_vsync_IBUF                                          |                2 |              9 |         4.50 |
|  ov7670_pclk_IBUF_BUFG | Inst_ov7670_capture/x_pix[9]_i_2_n_0            | Inst_ov7670_capture/x_pix[9]_i_1__0_n_0                    |                2 |             10 |         5.00 |
|  clk_inst/CLK_25       | Inst_VGA/E[0]                                   | Inst_VGA/SR[0]                                             |                3 |             10 |         3.33 |
|  clk_inst/CLK_25       |                                                 | Inst_VGA/p_0_in                                            |                3 |             10 |         3.33 |
|  ov7670_pclk_IBUF_BUFG | Inst_ov7670_capture/dout[11]_i_1_n_0            |                                                            |               11 |             12 |         1.09 |
|  clk_inst/CLK_50       | Inst_ov7670_controller/Inst_i2c_sender/busy_sr0 |                                                            |                5 |             18 |         3.60 |
|  clk_inst/CLK_25       |                                                 | Inst_debounce/clear                                        |                6 |             24 |         4.00 |
|  ov7670_pclk_IBUF_BUFG | Inst_ov7670_capture/address_u                   | ov7670_vsync_IBUF                                          |                8 |             33 |         4.12 |
|  clk_inst/CLK_25       |                                                 | Inst_VGA/vcount_reg[1]_0                                   |                9 |             34 |         3.78 |
|  clk_inst/CLK_50       | Inst_ov7670_controller/Inst_i2c_sender/busy_sr0 | Inst_ov7670_controller/Inst_i2c_sender/busy_sr[30]_i_1_n_0 |                9 |             45 |         5.00 |
+------------------------+-------------------------------------------------+------------------------------------------------------------+------------------+----------------+--------------+


